// Jest Snapshot v1, https://goo.gl/fbAQLP

exports[`renders home page 1`] = `
<div>
  <div>
    Hello!
  </div>
</div>
`;
